Archive member included to satisfy reference by file (symbol)

c:/mounriver/mounriver_studio/toolchain/risc-v embedded gcc/bin/../lib/gcc/riscv-none-embed/8.2.0/rv32imacxw/ilp32\libgcc.a(save-restore.o)
                              ./User/CAN_BUS_Comm_ID_320_main.o (__riscv_save_7)
c:/mounriver/mounriver_studio/toolchain/risc-v embedded gcc/bin/../lib/gcc/riscv-none-embed/8.2.0/../../../../riscv-none-embed/lib/rv32imacxw/ilp32\libg_nano.a(lib_a-memset.o)
                              ./User/CAN_BUS_Comm_ID_320_main.o (memset)
c:/mounriver/mounriver_studio/toolchain/risc-v embedded gcc/bin/../lib/gcc/riscv-none-embed/8.2.0/../../../../riscv-none-embed/lib/rv32imacxw/ilp32\libg_nano.a(lib_a-printf.o)
                              ./User/CAN_BUS_Comm_ID_320_main.o (printf)
c:/mounriver/mounriver_studio/toolchain/risc-v embedded gcc/bin/../lib/gcc/riscv-none-embed/8.2.0/../../../../riscv-none-embed/lib/rv32imacxw/ilp32\libg_nano.a(lib_a-puts.o)
                              ./User/CAN_BUS_Comm_ID_320_main.o (puts)
c:/mounriver/mounriver_studio/toolchain/risc-v embedded gcc/bin/../lib/gcc/riscv-none-embed/8.2.0/../../../../riscv-none-embed/lib/rv32imacxw/ilp32\libg_nano.a(lib_a-wbuf.o)
                              c:/mounriver/mounriver_studio/toolchain/risc-v embedded gcc/bin/../lib/gcc/riscv-none-embed/8.2.0/../../../../riscv-none-embed/lib/rv32imacxw/ilp32\libg_nano.a(lib_a-puts.o) (__swbuf_r)
c:/mounriver/mounriver_studio/toolchain/risc-v embedded gcc/bin/../lib/gcc/riscv-none-embed/8.2.0/../../../../riscv-none-embed/lib/rv32imacxw/ilp32\libg_nano.a(lib_a-wsetup.o)
                              c:/mounriver/mounriver_studio/toolchain/risc-v embedded gcc/bin/../lib/gcc/riscv-none-embed/8.2.0/../../../../riscv-none-embed/lib/rv32imacxw/ilp32\libg_nano.a(lib_a-puts.o) (__swsetup_r)
c:/mounriver/mounriver_studio/toolchain/risc-v embedded gcc/bin/../lib/gcc/riscv-none-embed/8.2.0/../../../../riscv-none-embed/lib/rv32imacxw/ilp32\libg_nano.a(lib_a-fflush.o)
                              c:/mounriver/mounriver_studio/toolchain/risc-v embedded gcc/bin/../lib/gcc/riscv-none-embed/8.2.0/../../../../riscv-none-embed/lib/rv32imacxw/ilp32\libg_nano.a(lib_a-wbuf.o) (_fflush_r)
c:/mounriver/mounriver_studio/toolchain/risc-v embedded gcc/bin/../lib/gcc/riscv-none-embed/8.2.0/../../../../riscv-none-embed/lib/rv32imacxw/ilp32\libg_nano.a(lib_a-findfp.o)
                              c:/mounriver/mounriver_studio/toolchain/risc-v embedded gcc/bin/../lib/gcc/riscv-none-embed/8.2.0/../../../../riscv-none-embed/lib/rv32imacxw/ilp32\libg_nano.a(lib_a-printf.o) (__sinit)
c:/mounriver/mounriver_studio/toolchain/risc-v embedded gcc/bin/../lib/gcc/riscv-none-embed/8.2.0/../../../../riscv-none-embed/lib/rv32imacxw/ilp32\libg_nano.a(lib_a-fwalk.o)
                              c:/mounriver/mounriver_studio/toolchain/risc-v embedded gcc/bin/../lib/gcc/riscv-none-embed/8.2.0/../../../../riscv-none-embed/lib/rv32imacxw/ilp32\libg_nano.a(lib_a-findfp.o) (_fwalk)
c:/mounriver/mounriver_studio/toolchain/risc-v embedded gcc/bin/../lib/gcc/riscv-none-embed/8.2.0/../../../../riscv-none-embed/lib/rv32imacxw/ilp32\libg_nano.a(lib_a-impure.o)
                              c:/mounriver/mounriver_studio/toolchain/risc-v embedded gcc/bin/../lib/gcc/riscv-none-embed/8.2.0/../../../../riscv-none-embed/lib/rv32imacxw/ilp32\libg_nano.a(lib_a-fflush.o) (_global_impure_ptr)
c:/mounriver/mounriver_studio/toolchain/risc-v embedded gcc/bin/../lib/gcc/riscv-none-embed/8.2.0/../../../../riscv-none-embed/lib/rv32imacxw/ilp32\libg_nano.a(lib_a-makebuf.o)
                              c:/mounriver/mounriver_studio/toolchain/risc-v embedded gcc/bin/../lib/gcc/riscv-none-embed/8.2.0/../../../../riscv-none-embed/lib/rv32imacxw/ilp32\libg_nano.a(lib_a-wsetup.o) (__smakebuf_r)
c:/mounriver/mounriver_studio/toolchain/risc-v embedded gcc/bin/../lib/gcc/riscv-none-embed/8.2.0/../../../../riscv-none-embed/lib/rv32imacxw/ilp32\libg_nano.a(lib_a-nano-freer.o)
                              c:/mounriver/mounriver_studio/toolchain/risc-v embedded gcc/bin/../lib/gcc/riscv-none-embed/8.2.0/../../../../riscv-none-embed/lib/rv32imacxw/ilp32\libg_nano.a(lib_a-wsetup.o) (_free_r)
c:/mounriver/mounriver_studio/toolchain/risc-v embedded gcc/bin/../lib/gcc/riscv-none-embed/8.2.0/../../../../riscv-none-embed/lib/rv32imacxw/ilp32\libg_nano.a(lib_a-nano-mallocr.o)
                              c:/mounriver/mounriver_studio/toolchain/risc-v embedded gcc/bin/../lib/gcc/riscv-none-embed/8.2.0/../../../../riscv-none-embed/lib/rv32imacxw/ilp32\libg_nano.a(lib_a-findfp.o) (_malloc_r)
c:/mounriver/mounriver_studio/toolchain/risc-v embedded gcc/bin/../lib/gcc/riscv-none-embed/8.2.0/../../../../riscv-none-embed/lib/rv32imacxw/ilp32\libg_nano.a(lib_a-nano-vfprintf.o)
[...]
Memory Configuration

Name             Origin             Length             Attributes
FLASH            0x0000000000000000 0x0000000000010000 xr
RAM              0x0000000020000000 0x0000000000005000 xrw
*default*        0x0000000000000000 0xffffffffffffffff

Linker script and memory map

LOAD ./User/CAN_BUS_Comm_ID_320_main.o
LOAD ./User/ch32v20x_it.o
LOAD ./User/system_ch32v20x.o
LOAD ./Startup/startup_ch32v20x_D6.o
LOAD ./Peripheral/src/ch32v20x_adc.o
LOAD ./Peripheral/src/ch32v20x_bkp.o
LOAD ./Peripheral/src/ch32v20x_can.o
LOAD ./Peripheral/src/ch32v20x_crc.o
LOAD ./Peripheral/src/ch32v20x_dbgmcu.o
LOAD ./Peripheral/src/ch32v20x_dma.o
LOAD ./Peripheral/src/ch32v20x_exti.o
LOAD ./Peripheral/src/ch32v20x_flash.o
LOAD ./Peripheral/src/ch32v20x_gpio.o
LOAD ./Peripheral/src/ch32v20x_i2c.o
LOAD ./Peripheral/src/ch32v20x_iwdg.o
LOAD ./Peripheral/src/ch32v20x_misc.o
LOAD ./Peripheral/src/ch32v20x_opa.o
LOAD ./Peripheral/src/ch32v20x_pwr.o
LOAD ./Peripheral/src/ch32v20x_rcc.o
LOAD ./Peripheral/src/ch32v20x_rtc.o
LOAD ./Peripheral/src/ch32v20x_spi.o
LOAD ./Peripheral/src/ch32v20x_tim.o
LOAD ./Peripheral/src/ch32v20x_usart.o
LOAD ./Peripheral/src/ch32v20x_wwdg.o
LOAD ./Debug/debug.o
LOAD ./Core/core_riscv.o
LOAD c:/mounriver/mounriver_studio/toolchain/risc-v embedded gcc/bin/../lib/gcc/riscv-none-embed/8.2.0/rv32imacxw/ilp32\libgcc.a
LOAD c:/mounriver/mounriver_studio/toolchain/risc-v embedded gcc/bin/../lib/gcc/riscv-none-embed/8.2.0/../../../../riscv-none-embed/lib/rv32imacxw/ilp32\libg_nano.a
LOAD c:/mounriver/mounriver_studio/toolchain/risc-v embedded gcc/bin/../lib/gcc/riscv-none-embed/8.2.0/../../../../riscv-none-embed/lib/rv32imacxw/ilp32\libc_nano.a
LOAD c:/mounriver/mounriver_studio/toolchain/risc-v embedded gcc/bin/../lib/gcc/riscv-none-embed/8.2.0/rv32imacxw/ilp32\libgcc.a
START GROUP
LOAD c:/mounriver/mounriver_studio/toolchain/risc-v embedded gcc/bin/../lib/gcc/riscv-none-embed/8.2.0/rv32imacxw/ilp32\libgcc.a
LOAD c:/mounriver/mounriver_studio/toolchain/risc-v embedded gcc/bin/../lib/gcc/riscv-none-embed/8.2.0/../../../../riscv-none-embed/lib/rv32imacxw/ilp32\libc_nano.a
LOAD c:/mounriver/mounriver_studio/toolchain/risc-v embedded gcc/bin/../lib/gcc/riscv-none-embed/8.2.0/../../../../riscv-none-embed/lib/rv32imacxw/ilp32\libnosys.a
END GROUP
START GROUP
LOAD c:/mounriver/mounriver_studio/toolchain/risc-v embedded gcc/bin/../lib/gcc/riscv-none-embed/8.2.0/rv32imacxw/ilp32\libgcc.a
LOAD c:/mounriver/mounriver_studio/toolchain/risc-v embedded gcc/bin/../lib/gcc/riscv-none-embed/8.2.0/../../../../riscv-none-embed/lib/rv32imacxw/ilp32\libc_nano.a
LOAD c:/mounriver/mounriver_studio/toolchain/risc-v embedded gcc/bin/../lib/gcc/riscv-none-embed/8.2.0/../../../../riscv-none-embed/lib/rv32imacxw/ilp32\libnosys.a
END GROUP
                0x0000000000000800                __stack_size = 0x800
                [!provide]                        PROVIDE (_stack_size = __stack_size)

.init           0x0000000000000000        0x4
                0x0000000000000000                _sinit = .
                0x0000000000000000                . = ALIGN (0x4)
 *(SORT_NONE(.init))
 .init          0x0000000000000000        0x4 ./Startup/startup_ch32v20x_D6.o
                0x0000000000000000                _start
                0x0000000000000004                . = ALIGN (0x4)
                0x0000000000000004                _einit = .

.vector         0x0000000000000004       0xfc
 *(.vector)
 .vector        0x0000000000000004       0xfc ./Startup/startup_ch32v20x_D6.o
                0x0000000000000100                . = ALIGN (0x40)

.text           0x0000000000000100     0x2044
                0x0000000000000100                . = ALIGN (0x4)
 *(.text)
 .text          0x0000000000000100       0x60 c:/mounriver/mounriver_studio/toolchain/risc-v embedded gcc/bin/../lib/gcc/riscv-none-embed/8.2.0/rv32imacxw/ilp32\libgcc.a(save-restore.o)
                0x0000000000000100                __riscv_save_12
                0x0000000000000108                __riscv_save_9
                0x0000000000000108                __riscv_save_11
                0x0000000000000108                __riscv_save_10
                0x0000000000000108                __riscv_save_8
                0x0000000000000116                __riscv_save_4
                0x0000000000000116                __riscv_save_6
                0x0000000000000116                __riscv_save_5
                0x0000000000000116                __riscv_save_7
                0x0000000000000130                __riscv_save_3
                0x0000000000000130                __riscv_save_2
                0x0000000000000130                __riscv_save_1
                0x0000000000000130                __riscv_save_0
                0x000000000000013c                __riscv_restore_12
                0x0000000000000140                __riscv_restore_11
                0x0000000000000140                __riscv_restore_9
                0x0000000000000140                __riscv_restore_10
                0x0000000000000140                __riscv_restore_8
                0x000000000000014a                __riscv_restore_5
                0x000000000000014a                __riscv_restore_7
                0x000000000000014a                __riscv_restore_6
                0x000000000000014a                __riscv_restore_4
                0x0000000000000154                __riscv_restore_3
                0x0000000000000154                __riscv_restore_0
                0x0000000000000154                __riscv_restore_2
                0x0000000000000154                __riscv_restore_1
 .text          0x0000000000000160       0xa8 c:/mounriver/mounriver_studio/toolchain/risc-v embedded gcc/bin/../lib/gcc/riscv-none-embed/8.2.0/../../../../riscv-none-embed/lib/rv32imacxw/ilp32\libg_nano.a(lib_a-memset.o)
                0x0000000000000160                memset
 *(.text.*)
 .text.CAN_Mode_Init
                0x0000000000000208       0xec ./User/CAN_BUS_Comm_ID_320_main.o
                0x0000000000000208                CAN_Mode_Init
 .text.CAN_Send_Msg
                0x00000000000002f4       0x70 ./User/CAN_BUS_Comm_ID_320_main.o
                0x00000000000002f4                CAN_Send_Msg
 .text.CAN_Receive_Msg
                0x0000000000000364       0x4e ./User/CAN_BUS_Comm_ID_320_main.o
                0x0000000000000364                CAN_Receive_Msg
 .text.startup.main
                0x00000000000003b2       0xd6 ./User/CAN_BUS_Comm_ID_320_main.o
                0x00000000000003b2                main
 .text.NMI_Handler
                0x0000000000000488        0x2 ./User/ch32v20x_it.o
                0x0000000000000488                NMI_Handler
 .text.HardFault_Handler
                0x000000000000048a        0x2 ./User/ch32v20x_it.o
                0x000000000000048a                HardFault_Handler
 .text.SystemInit
                0x000000000000048c       0xa8 ./User/system_ch32v20x.o
                0x000000000000048c                SystemInit
 .text.SystemCoreClockUpdate
                0x0000000000000534       0x92 ./User/system_ch32v20x.o
                0x0000000000000534                SystemCoreClockUpdate
 .text.vector_handler
                0x00000000000005c6        0x2 ./Startup/startup_ch32v20x_D6.o
                0x00000000000005c6                EXTI2_IRQHandler
                0x00000000000005c6                TIM1_CC_IRQHandler
                0x00000000000005c6                SysTick_Handler
                0x00000000000005c6                PVD_IRQHandler
                0x00000000000005c6                EXTI3_IRQHandler
                0x00000000000005c6                USBFS_IRQHandler
                0x00000000000005c6                EXTI0_IRQHandler
                0x00000000000005c6                I2C2_EV_IRQHandler
                0x00000000000005c6                ADC1_2_IRQHandler
                0x00000000000005c6                Break_Point_Handler
                0x00000000000005c6                SPI1_IRQHandler
                0x00000000000005c6                TAMPER_IRQHandler
                0x00000000000005c6                Ecall_M_Mode_Handler
                0x00000000000005c6                DMA1_Channel4_IRQHandler
                0x00000000000005c6                USART3_IRQHandler
                0x00000000000005c6                RTC_IRQHandler
                0x00000000000005c6                DMA1_Channel7_IRQHandler
                0x00000000000005c6                CAN1_RX1_IRQHandler
                0x00000000000005c6                TIM4_IRQHandler
                0x00000000000005c6                I2C1_EV_IRQHandler
                0x00000000000005c6                DMA1_Channel6_IRQHandler
                0x00000000000005c6                UART4_IRQHandler
                0x00000000000005c6                TIM3_IRQHandler
                0x00000000000005c6                RCC_IRQHandler
                0x00000000000005c6                TIM1_TRG_COM_IRQHandler
                0x00000000000005c6                DMA1_Channel1_IRQHandler
                0x00000000000005c6                EXTI15_10_IRQHandler
                0x00000000000005c6                DMA1_Channel8_IRQHandler
                0x00000000000005c6                EXTI9_5_IRQHandler
                0x00000000000005c6                SPI2_IRQHandler
                0x00000000000005c6                DMA1_Channel5_IRQHandler
                0x00000000000005c6                EXTI4_IRQHandler
                0x00000000000005c6                USB_LP_CAN1_RX0_IRQHandler
                0x00000000000005c6                USB_HP_CAN1_TX_IRQHandler
                0x00000000000005c6                DMA1_Channel3_IRQHandler
                0x00000000000005c6                TIM1_UP_IRQHandler
                0x00000000000005c6                WWDG_IRQHandler
                0x00000000000005c6                Ecall_U_Mode_Handler
                0x00000000000005c6                TIM2_IRQHandler
                0x00000000000005c6                SW_Handler
                0x00000000000005c6                TIM1_BRK_IRQHandler
                0x00000000000005c6                EXTI1_IRQHandler
                0x00000000000005c6                RTCAlarm_IRQHandler
                0x00000000000005c6                USART2_IRQHandler
                0x00000000000005c6                I2C2_ER_IRQHandler
                0x00000000000005c6                DMA1_Channel2_IRQHandler
                0x00000000000005c6                CAN1_SCE_IRQHandler
                0x00000000000005c6                FLASH_IRQHandler
                0x00000000000005c6                USBFSWakeUp_IRQHandler
                0x00000000000005c6                USART1_IRQHandler
                0x00000000000005c6                I2C1_ER_IRQHandler
                0x00000000000005c6                USBWakeUp_IRQHandler
 .text.handle_reset
                0x00000000000005c8       0x86 ./Startup/startup_ch32v20x_D6.o
                0x00000000000005c8                handle_reset
 .text.CAN_Init
                0x000000000000064e       0xe8 ./Peripheral/src/ch32v20x_can.o
                0x000000000000064e                CAN_Init
 .text.CAN_FilterInit
                0x0000000000000736      0x118 ./Peripheral/src/ch32v20x_can.o
                0x0000000000000736                CAN_FilterInit
 .text.CAN_Transmit
                0x000000000000084e       0xbc ./Peripheral/src/ch32v20x_can.o
                0x000000000000084e                CAN_Transmit
 .text.CAN_TransmitStatus
                0x000000000000090a       0x62 ./Peripheral/src/ch32v20x_can.o
                0x000000000000090a                CAN_TransmitStatus
 .text.CAN_Receive
                0x000000000000096c       0x8c ./Peripheral/src/ch32v20x_can.o
                0x000000000000096c                CAN_Receive
 .text.CAN_MessagePending
                0x00000000000009f8       0x16 ./Peripheral/src/ch32v20x_can.o
                0x00000000000009f8                CAN_MessagePending
 .text.GPIO_Init
                0x0000000000000a0e       0xf2 ./Peripheral/src/ch32v20x_gpio.o
                0x0000000000000a0e                GPIO_Init
 .text.GPIO_PinRemapConfig
                0x0000000000000b00       0xf2 ./Peripheral/src/ch32v20x_gpio.o
                0x0000000000000b00                GPIO_PinRemapConfig
 .text.RCC_GetClocksFreq
                0x0000000000000bf2       0xbe ./Peripheral/src/ch32v20x_rcc.o
                0x0000000000000bf2                RCC_GetClocksFreq
 .text.RCC_APB2PeriphClockCmd
                0x0000000000000cb0       0x1e ./Peripheral/src/ch32v20x_rcc.o
                0x0000000000000cb0                RCC_APB2PeriphClockCmd
 .text.RCC_APB1PeriphClockCmd
                0x0000000000000cce       0x1e ./Peripheral/src/ch32v20x_rcc.o
                0x0000000000000cce                RCC_APB1PeriphClockCmd
 .text.USART_Init
                0x0000000000000cec       0x8e ./Peripheral/src/ch32v20x_usart.o
                0x0000000000000cec                USART_Init
 .text.USART_Cmd
                0x0000000000000d7a       0x16 ./Peripheral/src/ch32v20x_usart.o
                0x0000000000000d7a                USART_Cmd
 .text.USART_SendData
                0x0000000000000d90        0x8 ./Peripheral/src/ch32v20x_usart.o
                0x0000000000000d90                USART_SendData
 .text.USART_GetFlagStatus
                0x0000000000000d98        0xa ./Peripheral/src/ch32v20x_usart.o
                0x0000000000000d98                USART_GetFlagStatus
 .text.Delay_Init
                0x0000000000000da2       0x2a ./Debug/debug.o
                0x0000000000000da2                Delay_Init
 .text.Delay_Ms
                0x0000000000000dcc       0x36 ./Debug/debug.o
                0x0000000000000dcc                Delay_Ms
 .text.USART_Printf_Init
                0x0000000000000e02       0x52 ./Debug/debug.o
                0x0000000000000e02                USART_Printf_Init
 .text._write   0x0000000000000e54       0x3a ./Debug/debug.o
                0x0000000000000e54                _write
 .text._sbrk    0x0000000000000e8e       0x26 ./Debug/debug.o
                0x0000000000000e8e                _sbrk
 .text.printf   0x0000000000000eb4       0x40 c:/mounriver/mounriver_studio/toolchain/risc-v embedded gcc/bin/../lib/gcc/riscv-none-embed/8.2.0/../../../../riscv-none-embed/lib/rv32imacxw/ilp32\libg_nano.a(lib_a-printf.o)
                0x0000000000000eb4                iprintf
                0x0000000000000eb4                printf
 .text._puts_r  0x0000000000000ef4       0xd4 c:/mounriver/mounriver_studio/toolchain/risc-v embedded gcc/bin/../lib/gcc/riscv-none-embed/8.2.0/../../../../riscv-none-embed/lib/rv32imacxw/ilp32\libg_nano.a(lib_a-puts.o)
                0x0000000000000ef4                _puts_r
 .text.puts     0x0000000000000fc8        0xa c:/mounriver/mounriver_studio/toolchain/risc-v embedded gcc/bin/../lib/gcc/riscv-none-embed/8.2.0/../../../../riscv-none-embed/lib/rv32imacxw/ilp32\libg_nano.a(lib_a-puts.o)
                0x0000000000000fc8                puts
 .text.__swbuf_r
                0x0000000000000fd2       0xbc c:/mounriver/mounriver_studio/toolchain/risc-v embedded gcc/bin/../lib/gcc/riscv-none-embed/8.2.0/../../../../riscv-none-embed/lib/rv32imacxw/ilp32\libg_nano.a(lib_a-wbuf.o)
                0x0000000000000fd2                __swbuf_r
 .text.__swsetup_r
                0x000000000000108e       0xfc c:/mounriver/mounriver_studio/toolchain/risc-v embedded gcc/bin/../lib/gcc/riscv-none-embed/8.2.0/../../../../riscv-none-embed/lib/rv32imacxw/ilp32\libg_nano.a(lib_a-wsetup.o)
                0x000000000000108e                __swsetup_r
 .text.__sflush_r
                0x000000000000118a      0x130 c:/mounriver/mounriver_studio/toolchain/risc-v embedded gcc/bin/../lib/gcc/riscv-none-embed/8.2.0/../../../../riscv-none-embed/lib/rv32imacxw/ilp32\libg_nano.a(lib_a-fflush.o)
                0x000000000000118a                __sflush_r
 .text._fflush_r
                0x00000000000012ba       0x64 c:/mounriver/mounriver_studio/toolchain/risc-v embedded gcc/bin/../lib/gcc/riscv-none-embed/8.2.0/../../../../riscv-none-embed/lib/rv32imacxw/ilp32\libg_nano.a(lib_a-fflush.o)
                0x00000000000012ba                _fflush_r
 .text.std      0x000000000000131e       0x66 c:/mounriver/mounriver_studio/toolchain/risc-v embedded gcc/bin/../lib/gcc/riscv-none-embed/8.2.0/../../../../riscv-none-embed/lib/rv32imacxw/ilp32\libg_nano.a(lib_a-findfp.o)
 .text._cleanup_r
                0x0000000000001384        0xa c:/mounriver/mounriver_studio/toolchain/risc-v embedded gcc/bin/../lib/gcc/riscv-none-embed/8.2.0/../../../../riscv-none-embed/lib/rv32imacxw/ilp32\libg_nano.a(lib_a-findfp.o)
                0x0000000000001384                _cleanup_r
 .text.__sfmoreglue
                0x000000000000138e       0x46 c:/mounriver/mounriver_studio/toolchain/risc-v embedded gcc/bin/../lib/gcc/riscv-none-embed/8.2.0/../../../../riscv-none-embed/lib/rv32imacxw/ilp32\libg_nano.a(lib_a-findfp.o)
                0x000000000000138e                __sfmoreglue
 .text.__sinit  0x00000000000013d4       0x66 c:/mounriver/mounriver_studio/toolchain/risc-v embedded gcc/bin/../lib/gcc/riscv-none-embed/8.2.0/../../../../riscv-none-embed/lib/rv32imacxw/ilp32\libg_nano.a(lib_a-findfp.o)
                0x00000000000013d4                __sinit
 .text.__sfp    0x000000000000143a       0x9c c:/mounriver/mounriver_studio/toolchain/risc-v embedded gcc/bin/../lib/gcc/riscv-none-embed/8.2.0/../../../../riscv-none-embed/lib/rv32imacxw/ilp32\libg_nano.a(lib_a-findfp.o)
                0x000000000000143a                __sfp
 .text._fwalk_reent
                0x00000000000014d6       0x6a c:/mounriver/mounriver_studio/toolchain/risc-v embedded gcc/bin/../lib/gcc/riscv-none-embed/8.2.0/../../../../riscv-none-embed/lib/rv32imacxw/ilp32\libg_nano.a(lib_a-fwalk.o)
                0x00000000000014d6                _fwalk_reent
 .text.__swhatbuf_r
                0x0000000000001540       0x58 c:/mounriver/mounriver_studio/toolchain/risc-v embedded gcc/bin/../lib/gcc/riscv-none-embed/8.2.0/../../../../riscv-none-embed/lib/rv32imacxw/ilp32\libg_nano.a(lib_a-makebuf.o)
                0x0000000000001540                __swhatbuf_r
 .text.__smakebuf_r
                0x0000000000001598       0x90 c:/mounriver/mounriver_studio/toolchain/risc-v embedded gcc/bin/../lib/gcc/riscv-none-embed/8.2.0/../../../../riscv-none-embed/lib/rv32imacxw/ilp32\libg_nano.a(lib_a-makebuf.o)
                0x0000000000001598                __smakebuf_r
 .text._free_r  0x0000000000001628       0xa8 c:/mounriver/mounriver_studio/toolchain/risc-v embedded gcc/bin/../lib/gcc/riscv-none-embed/8.2.0/../../../../riscv-none-embed/lib/rv32imacxw/ilp32\libg_nano.a(lib_a-nano-freer.o)
                0x0000000000001628                _free_r
 .text._malloc_r
                0x00000000000016d0       0xd4 c:/mounriver/mounriver_studio/toolchain/risc-v embedded gcc/bin/../lib/gcc/riscv-none-embed/8.2.0/../../../../riscv-none-embed/lib/rv32imacxw/ilp32\libg_nano.a(lib_a-nano-mallocr.o)
                0x00000000000016d0                _malloc_r
 .text.__sfputc_r
                0x00000000000017a4       0x28 c:/mounriver/mounriver_studio/toolchain/risc-v embedded gcc/bin/../lib/gcc/riscv-none-embed/8.2.0/../../../../riscv-none-embed/lib/rv32imacxw/ilp32\libg_nano.a(lib_a-nano-vfprintf.o)
 .text.__sfputs_r
                0x00000000000017cc       0x40 c:/mounriver/mounriver_studio/toolchain/risc-v embedded gcc/bin/../lib/gcc/riscv-none-embed/8.2.0/../../../../riscv-none-embed/lib/rv32imacxw/ilp32\libg_nano.a(lib_a-nano-vfprintf.o)
                0x00000000000017cc                __sfputs_r
 .text._vfprintf_r
                0x000000000000180c      0x284 c:/mounriver/mounriver_studio/toolchain/risc-v embedded gcc/bin/../lib/gcc/riscv-none-embed/8.2.0/../../../../riscv-none-embed/lib/rv32imacxw/ilp32\libg_nano.a(lib_a-nano-vfprintf.o)
                0x000000000000180c                _vfprintf_r
                0x000000000000180c                _vfiprintf_r
 .text._printf_common
                0x0000000000001a90      0x10c c:/mounriver/mounriver_studio/toolchain/risc-v embedded gcc/bin/../lib/gcc/riscv-none-embed/8.2.0/../../../../riscv-none-embed/lib/rv32imacxw/ilp32\libg_nano.a(lib_a-nano-vfprintf_i.o)
                0x0000000000001a90                _printf_common
 .text._printf_i
                0x0000000000001b9c      0x2a0 c:/mounriver/mounriver_studio/toolchain/risc-v embedded gcc/bin/../lib/gcc/riscv-none-embed/8.2.0/../../../../riscv-none-embed/lib/rv32imacxw/ilp32\libg_nano.a(lib_a-nano-vfprintf_i.o)
                0x0000000000001b9c                _printf_i
 .text._sbrk_r  0x0000000000001e3c       0x2a c:/mounriver/mounriver_studio/toolchain/risc-v embedded gcc/bin/../lib/gcc/riscv-none-embed/8.2.0/../../../../riscv-none-embed/lib/rv32imacxw/ilp32\libg_nano.a(lib_a-sbrkr.o)
                0x0000000000001e3c                _sbrk_r
 .text.__sread  0x0000000000001e66       0x2c c:/mounriver/mounriver_studio/toolchain/risc-v embedded gcc/bin/../lib/gcc/riscv-none-embed/8.2.0/../../../../riscv-none-embed/lib/rv32imacxw/ilp32\libg_nano.a(lib_a-stdio.o)
                0x0000000000001e66                __sread
 .text.__swrite
                0x0000000000001e92       0x48 c:/mounriver/mounriver_studio/toolchain/risc-v embedded gcc/bin/../lib/gcc/riscv-none-embed/8.2.0/../../../../riscv-none-embed/lib/rv32imacxw/ilp32\libg_nano.a(lib_a-stdio.o)
                0x0000000000001e92                __swrite
 .text.__sseek  0x0000000000001eda       0x30 c:/mounriver/mounriver_studio/toolchain/risc-v embedded gcc/bin/../lib/gcc/riscv-none-embed/8.2.0/../../../../riscv-none-embed/lib/rv32imacxw/ilp32\libg_nano.a(lib_a-stdio.o)
                0x0000000000001eda                __sseek
 .text.__sclose
                0x0000000000001f0a        0x6 c:/mounriver/mounriver_studio/toolchain/risc-v embedded gcc/bin/../lib/gcc/riscv-none-embed/8.2.0/../../../../riscv-none-embed/lib/rv32imacxw/ilp32\libg_nano.a(lib_a-stdio.o)
                0x0000000000001f0a                __sclose
 .text._write_r
                0x0000000000001f10       0x2e c:/mounriver/mounriver_studio/toolchain/risc-v embedded gcc/bin/../lib/gcc/riscv-none-embed/8.2.0/../../../../riscv-none-embed/lib/rv32imacxw/ilp32\libg_nano.a(lib_a-writer.o)
                0x0000000000001f10                _write_r
 .text._close_r
                0x0000000000001f3e       0x28 c:/mounriver/mounriver_studio/toolchain/risc-v embedded gcc/bin/../lib/gcc/riscv-none-embed/8.2.0/../../../../riscv-none-embed/lib/rv32imacxw/ilp32\libg_nano.a(lib_a-closer.o)
                0x0000000000001f3e                _close_r
 .text._fstat_r
                0x0000000000001f66       0x2a c:/mounriver/mounriver_studio/toolchain/risc-v embedded gcc/bin/../lib/gcc/riscv-none-embed/8.2.0/../../../../riscv-none-embed/lib/rv32imacxw/ilp32\libg_nano.a(lib_a-fstatr.o)
                0x0000000000001f66                _fstat_r
 .text._isatty_r
                0x0000000000001f90       0x28 c:/mounriver/mounriver_studio/toolchain/risc-v embedded gcc/bin/../lib/gcc/riscv-none-embed/8.2.0/../../../../riscv-none-embed/lib/rv32imacxw/ilp32\libg_nano.a(lib_a-isattyr.o)
                0x0000000000001f90                _isatty_r
 .text._lseek_r
                0x0000000000001fb8       0x2c c:/mounriver/mounriver_studio/toolchain/risc-v embedded gcc/bin/../lib/gcc/riscv-none-embed/8.2.0/../../../../riscv-none-embed/lib/rv32imacxw/ilp32\libg_nano.a(lib_a-lseekr.o)
                0x0000000000001fb8                _lseek_r
 .text.memchr   0x0000000000001fe4       0x18 c:/mounriver/mounriver_studio/toolchain/risc-v embedded gcc/bin/../lib/gcc/riscv-none-embed/8.2.0/../../../../riscv-none-embed/lib/rv32imacxw/ilp32\libg_nano.a(lib_a-memchr.o)
                0x0000000000001fe4                memchr
 .text.__malloc_lock
                0x0000000000001ffc        0x2 c:/mounriver/mounriver_studio/toolchain/risc-v embedded gcc/bin/../lib/gcc/riscv-none-embed/8.2.0/../../../../riscv-none-embed/lib/rv32imacxw/ilp32\libg_nano.a(lib_a-mlock.o)
                0x0000000000001ffc                __malloc_lock
 .text.__malloc_unlock
                0x0000000000001ffe        0x2 c:/mounriver/mounriver_studio/toolchain/risc-v embedded gcc/bin/../lib/gcc/riscv-none-embed/8.2.0/../../../../riscv-none-embed/lib/rv32imacxw/ilp32\libg_nano.a(lib_a-mlock.o)
                0x0000000000001ffe                __malloc_unlock
 .text._read_r  0x0000000000002000       0x2c c:/mounriver/mounriver_studio/toolchain/risc-v embedded gcc/bin/../lib/gcc/riscv-none-embed/8.2.0/../../../../riscv-none-embed/lib/rv32imacxw/ilp32\libg_nano.a(lib_a-readr.o)
                0x0000000000002000                _read_r
 .text._close   0x000000000000202c        0xc c:/mounriver/mounriver_studio/toolchain/risc-v embedded gcc/bin/../lib/gcc/riscv-none-embed/8.2.0/../../../../riscv-none-embed/lib/rv32imacxw/ilp32\libnosys.a(close.o)
                0x000000000000202c                _close
 .text._fstat   0x0000000000002038        0xc c:/mounriver/mounriver_studio/toolchain/risc-v embedded gcc/bin/../lib/gcc/riscv-none-embed/8.2.0/../../../../riscv-none-embed/lib/rv32imacxw/ilp32\libnosys.a(fstat.o)
                0x0000000000002038                _fstat
 .text._isatty  0x0000000000002044        0xc c:/mounriver/mounriver_studio/toolchain/risc-v embedded gcc/bin/../lib/gcc/riscv-none-embed/8.2.0/../../../../riscv-none-embed/lib/rv32imacxw/ilp32\libnosys.a(isatty.o)
                0x0000000000002044                _isatty
 .text._lseek   0x0000000000002050        0xc c:/mounriver/mounriver_studio/toolchain/risc-v embedded gcc/bin/../lib/gcc/riscv-none-embed/8.2.0/../../../../riscv-none-embed/lib/rv32imacxw/ilp32\libnosys.a(lseek.o)
                0x0000000000002050                _lseek
 .text._read    0x000000000000205c        0xc c:/mounriver/mounriver_studio/toolchain/risc-v embedded gcc/bin/../lib/gcc/riscv-none-embed/8.2.0/../../../../riscv-none-embed/lib/rv32imacxw/ilp32\libnosys.a(read.o)
                0x000000000000205c                _read
 *(.rodata)
 *(.rodata*)
 .rodata.main.str1.4
                0x0000000000002068       0x3e ./User/CAN_BUS_Comm_ID_320_main.o
 *fill*         0x00000000000020a6        0x2 
 .rodata.__sf_fake_stderr
                0x00000000000020a8       0x20 c:/mounriver/mounriver_studio/toolchain/risc-v embedded gcc/bin/../lib/gcc/riscv-none-embed/8.2.0/../../../../riscv-none-embed/lib/rv32imacxw/ilp32\libg_nano.a(lib_a-findfp.o)
                0x00000000000020a8                __sf_fake_stderr
 .rodata.__sf_fake_stdin
                0x00000000000020c8       0x20 c:/mounriver/mounriver_studio/toolchain/risc-v embedded gcc/bin/../lib/gcc/riscv-none-embed/8.2.0/../../../../riscv-none-embed/lib/rv32imacxw/ilp32\libg_nano.a(lib_a-findfp.o)
                0x00000000000020c8                __sf_fake_stdin
 .rodata.__sf_fake_stdout
                0x00000000000020e8       0x20 c:/mounriver/mounriver_studio/toolchain/risc-v embedded gcc/bin/../lib/gcc/riscv-none-embed/8.2.0/../../../../riscv-none-embed/lib/rv32imacxw/ilp32\libg_nano.a(lib_a-findfp.o)
                0x00000000000020e8                __sf_fake_stdout
 .rodata._vfprintf_r.str1.4
                0x0000000000002108       0x13 c:/mounriver/mounriver_studio/toolchain/risc-v embedded gcc/bin/../lib/gcc/riscv-none-embed/8.2.0/../../../../riscv-none-embed/lib/rv32imacxw/ilp32\libg_nano.a(lib_a-nano-vfprintf.o)
 *fill*         0x000000000000211b        0x1 
 .rodata._printf_i.str1.4
                0x000000000000211c       0x28 c:/mounriver/mounriver_studio/toolchain/risc-v embedded gcc/bin/../lib/gcc/riscv-none-embed/8.2.0/../../../../riscv-none-embed/lib/rv32imacxw/ilp32\libg_nano.a(lib_a-nano-vfprintf_i.o)
                                         0x25 (size before relaxing)
 *(.gnu.linkonce.t.*)
                0x0000000000002144                . = ALIGN (0x4)

.rela.dyn       0x0000000000002144        0x0
 .rela.init     0x0000000000002144        0x0 ./User/CAN_BUS_Comm_ID_320_main.o
 .rela.vector   0x0000000000002144        0x0 ./User/CAN_BUS_Comm_ID_320_main.o
 .rela.text.handle_reset
                0x0000000000002144        0x0 ./User/CAN_BUS_Comm_ID_320_main.o
 .rela.text._sbrk
                0x0000000000002144        0x0 ./User/CAN_BUS_Comm_ID_320_main.o
 .rela.sdata.curbrk.4673
                0x0000000000002144        0x0 ./User/CAN_BUS_Comm_ID_320_main.o
 .rela.text._vfprintf_r
                0x0000000000002144        0x0 ./User/CAN_BUS_Comm_ID_320_main.o
 .rela.text._sbrk_r
                0x0000000000002144        0x0 ./User/CAN_BUS_Comm_ID_320_main.o
 .rela.text._write_r
                0x0000000000002144        0x0 ./User/CAN_BUS_Comm_ID_320_main.o
 .rela.text._close_r
                0x0000000000002144        0x0 ./User/CAN_BUS_Comm_ID_320_main.o
 .rela.text._fstat_r
                0x0000000000002144        0x0 ./User/CAN_BUS_Comm_ID_320_main.o
 .rela.text._isatty_r
                0x0000000000002144        0x0 ./User/CAN_BUS_Comm_ID_320_main.o
 .rela.text._lseek_r
                0x0000000000002144        0x0 ./User/CAN_BUS_Comm_ID_320_main.o
 .rela.text._read_r
                0x0000000000002144        0x0 ./User/CAN_BUS_Comm_ID_320_main.o
 .rela.text._close
                0x0000000000002144        0x0 ./User/CAN_BUS_Comm_ID_320_main.o
 .rela.text._fstat
                0x0000000000002144        0x0 ./User/CAN_BUS_Comm_ID_320_main.o
 .rela.text._isatty
                0x0000000000002144        0x0 ./User/CAN_BUS_Comm_ID_320_main.o
 .rela.text._lseek
                0x0000000000002144        0x0 ./User/CAN_BUS_Comm_ID_320_main.o
 .rela.text._read
                0x0000000000002144        0x0 ./User/CAN_BUS_Comm_ID_320_main.o

.fini           0x0000000000002144        0x0
 *(SORT_NONE(.fini))
                0x0000000000002144                . = ALIGN (0x4)
                [!provide]                        PROVIDE (_etext = .)
                [!provide]                        PROVIDE (_eitcm = .)

.preinit_array  0x0000000000002144        0x0
                [!provide]                        PROVIDE (__preinit_array_start = .)
 *(.preinit_array)
                [!provide]                        PROVIDE (__preinit_array_end = .)

.init_array     0x0000000000002144        0x0
                [!provide]                        PROVIDE (__init_array_start = .)
 *(SORT_BY_INIT_PRIORITY(.init_array.*) SORT_BY_INIT_PRIORITY(.ctors.*))
 *(.init_array EXCLUDE_FILE(*crtend?.o *crtend.o *crtbegin?.o *crtbegin.o) .ctors)
                [!provide]                        PROVIDE (__init_array_end = .)

.fini_array     0x0000000000002144        0x0
                [!provide]                        PROVIDE (__fini_array_start = .)
 *(SORT_BY_INIT_PRIORITY(.fini_array.*) SORT_BY_INIT_PRIORITY(.dtors.*))
 *(.fini_array EXCLUDE_FILE(*crtend?.o *crtend.o *crtbegin?.o *crtbegin.o) .dtors)
                [!provide]                        PROVIDE (__fini_array_end = .)

.ctors
 *crtbegin.o(.ctors)
 *crtbegin?.o(.ctors)
 *(EXCLUDE_FILE(*crtend?.o *crtend.o) .ctors)
 *(SORT_BY_NAME(.ctors.*))
 *(.ctors)

.dtors
 *crtbegin.o(.dtors)
 *crtbegin?.o(.dtors)
 *(EXCLUDE_FILE(*crtend?.o *crtend.o) .dtors)
 *(SORT_BY_NAME(.dtors.*))
 *(.dtors)

.dalign         0x0000000020000000        0x0 load address 0x0000000000002144
                0x0000000020000000                . = ALIGN (0x4)
                0x0000000020000000                PROVIDE (_data_vma = .)

.dlalign        0x0000000000002144        0x0
                0x0000000000002144                . = ALIGN (0x4)
                0x0000000000002144                PROVIDE (_data_lma = .)

.data           0x0000000020000000       0x98 load address 0x0000000000002144
 *(.gnu.linkonce.r.*)
 *(.data .data.*)
 .data.AHBPrescTable
                0x0000000020000000       0x10 ./User/system_ch32v20x.o
                0x0000000020000000                AHBPrescTable
 .data.APBAHBPrescTable
                0x0000000020000010       0x10 ./Peripheral/src/ch32v20x_rcc.o
 .data.impure_data
                0x0000000020000020       0x60 c:/mounriver/mounriver_studio/toolchain/risc-v embedded gcc/bin/../lib/gcc/riscv-none-embed/8.2.0/../../../../riscv-none-embed/lib/rv32imacxw/ilp32\libg_nano.a(lib_a-impure.o)
 *(.gnu.linkonce.d.*)
                0x0000000020000080                . = ALIGN (0x8)
                0x0000000020000880                PROVIDE (__global_pointer$ = (. + 0x800))
 *(.sdata .sdata.*)
 .sdata.SystemCoreClock
                0x0000000020000080        0x4 ./User/system_ch32v20x.o
                0x0000000020000080                SystemCoreClock
 .sdata.ADCPrescTable
                0x0000000020000084        0x4 ./Peripheral/src/ch32v20x_rcc.o
 .sdata.curbrk.4673
                0x0000000020000088        0x4 ./Debug/debug.o
 .sdata._impure_ptr
                0x000000002000008c        0x4 c:/mounriver/mounriver_studio/toolchain/risc-v embedded gcc/bin/../lib/gcc/riscv-none-embed/8.2.0/../../../../riscv-none-embed/lib/rv32imacxw/ilp32\libg_nano.a(lib_a-impure.o)
                0x000000002000008c                _impure_ptr
 *(.sdata2.*)
 .sdata2._global_impure_ptr
                0x0000000020000090        0x4 c:/mounriver/mounriver_studio/toolchain/risc-v embedded gcc/bin/../lib/gcc/riscv-none-embed/8.2.0/../../../../riscv-none-embed/lib/rv32imacxw/ilp32\libg_nano.a(lib_a-impure.o)
                0x0000000020000090                _global_impure_ptr
 *(.gnu.linkonce.s.*)
                0x0000000020000098                . = ALIGN (0x8)
 *fill*         0x0000000020000094        0x4 
 *(.srodata.cst16)
 *(.srodata.cst8)
 *(.srodata.cst4)
 *(.srodata.cst2)
 *(.srodata .srodata.*)
                0x0000000020000098                . = ALIGN (0x4)
                0x0000000020000098                PROVIDE (_edata = .)

.bss            0x0000000020000098       0x14 load address 0x00000000000021dc
                0x0000000020000098                . = ALIGN (0x4)
                0x0000000020000098                PROVIDE (_sbss = .)
 *(.sbss*)
 .sbss.MCU_Version
                0x0000000020000098        0x1 ./Peripheral/src/ch32v20x_gpio.o
                0x0000000020000098                MCU_Version
 *fill*         0x0000000020000099        0x1 
 .sbss.p_ms     0x000000002000009a        0x2 ./Debug/debug.o
 .sbss.p_us     0x000000002000009c        0x1 ./Debug/debug.o
 *fill*         0x000000002000009d        0x3 
 .sbss.__malloc_free_list
                0x00000000200000a0        0x4 c:/mounriver/mounriver_studio/toolchain/risc-v embedded gcc/bin/../lib/gcc/riscv-none-embed/8.2.0/../../../../riscv-none-embed/lib/rv32imacxw/ilp32\libg_nano.a(lib_a-nano-mallocr.o)
                0x00000000200000a0                __malloc_free_list
 .sbss.__malloc_sbrk_start
                0x00000000200000a4        0x4 c:/mounriver/mounriver_studio/toolchain/risc-v embedded gcc/bin/../lib/gcc/riscv-none-embed/8.2.0/../../../../riscv-none-embed/lib/rv32imacxw/ilp32\libg_nano.a(lib_a-nano-mallocr.o)
                0x00000000200000a4                __malloc_sbrk_start
 *(.gnu.linkonce.sb.*)
 *(.bss*)
 *(.gnu.linkonce.b.*)
 *(COMMON*)
 COMMON         0x00000000200000a8        0x4 c:/mounriver/mounriver_studio/toolchain/risc-v embedded gcc/bin/../lib/gcc/riscv-none-embed/8.2.0/../../../../riscv-none-embed/lib/rv32imacxw/ilp32\libg_nano.a(lib_a-reent.o)
                0x00000000200000a8                errno
                0x00000000200000ac                . = ALIGN (0x4)
                0x00000000200000ac                PROVIDE (_ebss = .)
                0x00000000200000ac                PROVIDE (_end = _ebss)
                [!provide]                        PROVIDE (end = .)

.stack          0x0000000020004800      0x800
                0x0000000020004800                PROVIDE (_heap_end = .)
                0x0000000020004800                . = ALIGN (0x4)
                [!provide]                        PROVIDE (_susrstack = .)
                0x0000000020005000                . = (. + __stack_size)
 *fill*         0x0000000020004800      0x800 
                0x0000000020005000                PROVIDE (_eusrstack = .)
OUTPUT(CAN_BUS_Comm_ID_320.elf elf32-littleriscv)

.debug_info     0x0000000000000000     0x89f6
 .debug_info    0x0000000000000000     0x1500 ./User/CAN_BUS_Comm_ID_320_main.o
 .debug_info    0x0000000000001500      0x962 ./User/ch32v20x_it.o
 .debug_info    0x0000000000001e62      0xb3b ./User/system_ch32v20x.o
 .debug_info    0x000000000000299d       0x22 ./Startup/startup_ch32v20x_D6.o
 .debug_info    0x00000000000029bf     0x181a ./Peripheral/src/ch32v20x_can.o
 .debug_info    0x00000000000041d9     0x1354 ./Peripheral/src/ch32v20x_gpio.o
 .debug_info    0x000000000000552d     0x125c ./Peripheral/src/ch32v20x_rcc.o
 .debug_info    0x0000000000006789     0x1340 ./Peripheral/src/ch32v20x_usart.o
 .debug_info    0x0000000000007ac9      0xf2d ./Debug/debug.o

.debug_abbrev   0x0000000000000000     0x18c0
 .debug_abbrev  0x0000000000000000      0x3a5 ./User/CAN_BUS_Comm_ID_320_main.o
 .debug_abbrev  0x00000000000003a5      0x1cf ./User/ch32v20x_it.o
 .debug_abbrev  0x0000000000000574      0x2b0 ./User/system_ch32v20x.o
 .debug_abbrev  0x0000000000000824       0x12 ./Startup/startup_ch32v20x_D6.o
 .debug_abbrev  0x0000000000000836      0x3fa ./Peripheral/src/ch32v20x_can.o
 .debug_abbrev  0x0000000000000c30      0x34b ./Peripheral/src/ch32v20x_gpio.o
 .debug_abbrev  0x0000000000000f7b      0x351 ./Peripheral/src/ch32v20x_rcc.o
 .debug_abbrev  0x00000000000012cc      0x312 ./Peripheral/src/ch32v20x_usart.o
 .debug_abbrev  0x00000000000015de      0x2e2 ./Debug/debug.o

.debug_loc      0x0000000000000000     0x25e7
 .debug_loc     0x0000000000000000      0x2de ./User/CAN_BUS_Comm_ID_320_main.o
 .debug_loc     0x00000000000002de       0xac ./User/system_ch32v20x.o
 .debug_loc     0x000000000000038a      0x999 ./Peripheral/src/ch32v20x_can.o
 .debug_loc     0x0000000000000d23      0x8a1 ./Peripheral/src/ch32v20x_gpio.o
 .debug_loc     0x00000000000015c4      0x797 ./Peripheral/src/ch32v20x_rcc.o
 .debug_loc     0x0000000000001d5b      0x715 ./Peripheral/src/ch32v20x_usart.o
 .debug_loc     0x0000000000002470      0x177 ./Debug/debug.o

.debug_aranges  0x0000000000000000      0x4a8
 .debug_aranges
                0x0000000000000000       0x38 ./User/CAN_BUS_Comm_ID_320_main.o
 .debug_aranges
                0x0000000000000038       0x28 ./User/ch32v20x_it.o
 .debug_aranges
                0x0000000000000060       0x28 ./User/system_ch32v20x.o
 .debug_aranges
                0x0000000000000088       0x30 ./Startup/startup_ch32v20x_D6.o
 .debug_aranges
                0x00000000000000b8       0xd8 ./Peripheral/src/ch32v20x_can.o
 .debug_aranges
                0x0000000000000190       0xb0 ./Peripheral/src/ch32v20x_gpio.o
 .debug_aranges
                0x0000000000000240      0x128 ./Peripheral/src/ch32v20x_rcc.o
 .debug_aranges
                0x0000000000000368       0xf0 ./Peripheral/src/ch32v20x_usart.o
 .debug_aranges
                0x0000000000000458       0x50 ./Debug/debug.o

.debug_ranges   0x0000000000000000      0x4c8
 .debug_ranges  0x0000000000000000       0xa0 ./User/CAN_BUS_Comm_ID_320_main.o
 .debug_ranges  0x00000000000000a0       0x18 ./User/ch32v20x_it.o
 .debug_ranges  0x00000000000000b8       0x18 ./User/system_ch32v20x.o
 .debug_ranges  0x00000000000000d0       0x28 ./Startup/startup_ch32v20x_D6.o
 .debug_ranges  0x00000000000000f8       0xf8 ./Peripheral/src/ch32v20x_can.o
 .debug_ranges  0x00000000000001f0       0xa0 ./Peripheral/src/ch32v20x_gpio.o
 .debug_ranges  0x0000000000000290      0x118 ./Peripheral/src/ch32v20x_rcc.o
 .debug_ranges  0x00000000000003a8       0xe0 ./Peripheral/src/ch32v20x_usart.o
 .debug_ranges  0x0000000000000488       0x40 ./Debug/debug.o

.debug_line     0x0000000000000000     0x6a22
 .debug_line    0x0000000000000000      0xa39 ./User/CAN_BUS_Comm_ID_320_main.o
 .debug_line    0x0000000000000a39      0x231 ./User/ch32v20x_it.o
 .debug_line    0x0000000000000c6a      0x592 ./User/system_ch32v20x.o
 .debug_line    0x00000000000011fc      0x121 ./Startup/startup_ch32v20x_D6.o
 .debug_line    0x000000000000131d     0x1a56 ./Peripheral/src/ch32v20x_can.o
 .debug_line    0x0000000000002d73     0x15eb ./Peripheral/src/ch32v20x_gpio.o
 .debug_line    0x000000000000435e     0x114f ./Peripheral/src/ch32v20x_rcc.o
 .debug_line    0x00000000000054ad      0xe56 ./Peripheral/src/ch32v20x_usart.o
 .debug_line    0x0000000000006303      0x71f ./Debug/debug.o

.debug_str      0x0000000000000000     0x1986
 .debug_str     0x0000000000000000      0xae6 ./User/CAN_BUS_Comm_ID_320_main.o
                                        0xb79 (size before relaxing)
 .debug_str     0x0000000000000ae6       0x34 ./User/ch32v20x_it.o
                                        0x5a8 (size before relaxing)
 .debug_str     0x0000000000000b1a       0xdc ./User/system_ch32v20x.o
                                        0x691 (size before relaxing)
 .debug_str     0x0000000000000bf6       0x2d ./Startup/startup_ch32v20x_D6.o
                                         0x5b (size before relaxing)
 .debug_str     0x0000000000000c23      0x2c7 ./Peripheral/src/ch32v20x_can.o
                                        0xbad (size before relaxing)
 .debug_str     0x0000000000000eea      0x25c ./Peripheral/src/ch32v20x_gpio.o
                                        0x9ae (size before relaxing)
 .debug_str     0x0000000000001146      0x3b0 ./Peripheral/src/ch32v20x_rcc.o
                                        0xaae (size before relaxing)
 .debug_str     0x00000000000014f6      0x3ff ./Peripheral/src/ch32v20x_usart.o
                                        0xadc (size before relaxing)
 .debug_str     0x00000000000018f5       0x91 ./Debug/debug.o
                                        0x903 (size before relaxing)

.comment        0x0000000000000000       0x33
 .comment       0x0000000000000000       0x33 ./User/CAN_BUS_Comm_ID_320_main.o
                                         0x34 (size before relaxing)
 .comment       0x0000000000000033       0x34 ./User/ch32v20x_it.o
 .comment       0x0000000000000033       0x34 ./User/system_ch32v20x.o
 .comment       0x0000000000000033       0x34 ./Peripheral/src/ch32v20x_can.o
 .comment       0x0000000000000033       0x34 ./Peripheral/src/ch32v20x_gpio.o
 .comment       0x0000000000000033       0x34 ./Peripheral/src/ch32v20x_rcc.o
 .comment       0x0000000000000033       0x34 ./Peripheral/src/ch32v20x_usart.o
 .comment       0x0000000000000033       0x34 ./Debug/debug.o

.debug_frame    0x0000000000000000     0x1228
 .debug_frame   0x0000000000000000       0xc8 ./User/CAN_BUS_Comm_ID_320_main.o
 .debug_frame   0x00000000000000c8       0x30 ./User/ch32v20x_it.o
 .debug_frame   0x00000000000000f8       0x30 ./User/system_ch32v20x.o
 .debug_frame   0x0000000000000128      0x19c ./Peripheral/src/ch32v20x_can.o
 .debug_frame   0x00000000000002c4      0x170 ./Peripheral/src/ch32v20x_gpio.o
 .debug_frame   0x0000000000000434      0x244 ./Peripheral/src/ch32v20x_rcc.o
 .debug_frame   0x0000000000000678      0x1e4 ./Peripheral/src/ch32v20x_usart.o
 .debug_frame   0x000000000000085c       0xb8 ./Debug/debug.o
 .debug_frame   0x0000000000000914       0x54 c:/mounriver/mounriver_studio/toolchain/risc-v embedded gcc/bin/../lib/gcc/riscv-none-embed/8.2.0/../../../../riscv-none-embed/lib/rv32imacxw/ilp32\libg_nano.a(lib_a-printf.o)
 .debug_frame   0x0000000000000968       0x54 c:/mounriver/mounriver_studio/toolchain/risc-v embedded gcc/bin/../lib/gcc/riscv-none-embed/8.2.0/../../../../riscv-none-embed/lib/rv32imacxw/ilp32\libg_nano.a(lib_a-puts.o)
 .debug_frame   0x00000000000009bc       0x50 c:/mounriver/mounriver_studio/toolchain/risc-v embedded gcc/bin/../lib/gcc/riscv-none-embed/8.2.0/../../../../riscv-none-embed/lib/rv32imacxw/ilp32\libg_nano.a(lib_a-wbuf.o)
 .debug_frame   0x0000000000000a0c       0x3c c:/mounriver/mounriver_studio/toolchain/risc-v embedded gcc/bin/../lib/gcc/riscv-none-embed/8.2.0/../../../../riscv-none-embed/lib/rv32imacxw/ilp32\libg_nano.a(lib_a-wsetup.o)
 .debug_frame   0x0000000000000a48       0x7c c:/mounriver/mounriver_studio/toolchain/risc-v embedded gcc/bin/../lib/gcc/riscv-none-embed/8.2.0/../../../../riscv-none-embed/lib/rv32imacxw/ilp32\libg_nano.a(lib_a-fflush.o)
 .debug_frame   0x0000000000000ac4      0x148 c:/mounriver/mounriver_studio/toolchain/risc-v embedded gcc/bin/../lib/gcc/riscv-none-embed/8.2.0/../../../../riscv-none-embed/lib/rv32imacxw/ilp32\libg_nano.a(lib_a-findfp.o)
 .debug_frame   0x0000000000000c0c       0x88 c:/mounriver/mounriver_studio/toolchain/risc-v embedded gcc/bin/../lib/gcc/riscv-none-embed/8.2.0/../../../../riscv-none-embed/lib/rv32imacxw/ilp32\libg_nano.a(lib_a-fwalk.o)
 .debug_frame   0x0000000000000c94       0x64 c:/mounriver/mounriver_studio/toolchain/risc-v embedded gcc/bin/../lib/gcc/riscv-none-embed/8.2.0/../../../../riscv-none-embed/lib/rv32imacxw/ilp32\libg_nano.a(lib_a-makebuf.o)
 .debug_frame   0x0000000000000cf8       0x40 c:/mounriver/mounriver_studio/toolchain/risc-v embedded gcc/bin/../lib/gcc/riscv-none-embed/8.2.0/../../../../riscv-none-embed/lib/rv32imacxw/ilp32\libg_nano.a(lib_a-nano-freer.o)
 .debug_frame   0x0000000000000d38       0x40 c:/mounriver/mounriver_studio/toolchain/risc-v embedded gcc/bin/../lib/gcc/riscv-none-embed/8.2.0/../../../../riscv-none-embed/lib/rv32imacxw/ilp32\libg_nano.a(lib_a-nano-mallocr.o)
 .debug_frame   0x0000000000000d78       0xd0 c:/mounriver/mounriver_studio/toolchain/risc-v embedded gcc/bin/../lib/gcc/riscv-none-embed/8.2.0/../../../../riscv-none-embed/lib/rv32imacxw/ilp32\libg_nano.a(lib_a-nano-vfprintf.o)
 .debug_frame   0x0000000000000e48       0x8c c:/mounriver/mounriver_studio/toolchain/risc-v embedded gcc/bin/../lib/gcc/riscv-none-embed/8.2.0/../../../../riscv-none-embed/lib/rv32imacxw/ilp32\libg_nano.a(lib_a-nano-vfprintf_i.o)
 .debug_frame   0x0000000000000ed4       0x30 c:/mounriver/mounriver_studio/toolchain/risc-v embedded gcc/bin/../lib/gcc/riscv-none-embed/8.2.0/../../../../riscv-none-embed/lib/rv32imacxw/ilp32\libg_nano.a(lib_a-sbrkr.o)
 .debug_frame   0x0000000000000f04       0xa4 c:/mounriver/mounriver_studio/toolchain/risc-v embedded gcc/bin/../lib/gcc/riscv-none-embed/8.2.0/../../../../riscv-none-embed/lib/rv32imacxw/ilp32\libg_nano.a(lib_a-stdio.o)
 .debug_frame   0x0000000000000fa8       0x30 c:/mounriver/mounriver_studio/toolchain/risc-v embedded gcc/bin/../lib/gcc/riscv-none-embed/8.2.0/../../../../riscv-none-embed/lib/rv32imacxw/ilp32\libg_nano.a(lib_a-writer.o)
 .debug_frame   0x0000000000000fd8       0x30 c:/mounriver/mounriver_studio/toolchain/risc-v embedded gcc/bin/../lib/gcc/riscv-none-embed/8.2.0/../../../../riscv-none-embed/lib/rv32imacxw/ilp32\libg_nano.a(lib_a-closer.o)
 .debug_frame   0x0000000000001008       0x30 c:/mounriver/mounriver_studio/toolchain/risc-v embedded gcc/bin/../lib/gcc/riscv-none-embed/8.2.0/../../../../riscv-none-embed/lib/rv32imacxw/ilp32\libg_nano.a(lib_a-fstatr.o)
 .debug_frame   0x0000000000001038       0x30 c:/mounriver/mounriver_studio/toolchain/risc-v embedded gcc/bin/../lib/gcc/riscv-none-embed/8.2.0/../../../../riscv-none-embed/lib/rv32imacxw/ilp32\libg_nano.a(lib_a-isattyr.o)
 .debug_frame   0x0000000000001068       0x30 c:/mounriver/mounriver_studio/toolchain/risc-v embedded gcc/bin/../lib/gcc/riscv-none-embed/8.2.0/../../../../riscv-none-embed/lib/rv32imacxw/ilp32\libg_nano.a(lib_a-lseekr.o)
 .debug_frame   0x0000000000001098       0x20 c:/mounriver/mounriver_studio/toolchain/risc-v embedded gcc/bin/../lib/gcc/riscv-none-embed/8.2.0/../../../../riscv-none-embed/lib/rv32imacxw/ilp32\libg_nano.a(lib_a-memchr.o)
 .debug_frame   0x00000000000010b8       0x30 c:/mounriver/mounriver_studio/toolchain/risc-v embedded gcc/bin/../lib/gcc/riscv-none-embed/8.2.0/../../../../riscv-none-embed/lib/rv32imacxw/ilp32\libg_nano.a(lib_a-mlock.o)
 .debug_frame   0x00000000000010e8       0x30 c:/mounriver/mounriver_studio/toolchain/risc-v embedded gcc/bin/../lib/gcc/riscv-none-embed/8.2.0/../../../../riscv-none-embed/lib/rv32imacxw/ilp32\libg_nano.a(lib_a-readr.o)
 .debug_frame   0x0000000000001118       0x70 c:/mounriver/mounriver_studio/toolchain/risc-v embedded gcc/bin/../lib/gcc/riscv-none-embed/8.2.0/../../../../riscv-none-embed/lib/rv32imacxw/ilp32\libg_nano.a(lib_a-reent.o)
 .debug_frame   0x0000000000001188       0x20 c:/mounriver/mounriver_studio/toolchain/risc-v embedded gcc/bin/../lib/gcc/riscv-none-embed/8.2.0/../../../../riscv-none-embed/lib/rv32imacxw/ilp32\libnosys.a(close.o)
 .debug_frame   0x00000000000011a8       0x20 c:/mounriver/mounriver_studio/toolchain/risc-v embedded gcc/bin/../lib/gcc/riscv-none-embed/8.2.0/../../../../riscv-none-embed/lib/rv32imacxw/ilp32\libnosys.a(fstat.o)
 .debug_frame   0x00000000000011c8       0x20 c:/mounriver/mounriver_studio/toolchain/risc-v embedded gcc/bin/../lib/gcc/riscv-none-embed/8.2.0/../../../../riscv-none-embed/lib/rv32imacxw/ilp32\libnosys.a(isatty.o)
 .debug_frame   0x00000000000011e8       0x20 c:/mounriver/mounriver_studio/toolchain/risc-v embedded gcc/bin/../lib/gcc/riscv-none-embed/8.2.0/../../../../riscv-none-embed/lib/rv32imacxw/ilp32\libnosys.a(lseek.o)
 .debug_frame   0x0000000000001208       0x20 c:/mounriver/mounriver_studio/toolchain/risc-v embedded gcc/bin/../lib/gcc/riscv-none-embed/8.2.0/../../../../riscv-none-embed/lib/rv32imacxw/ilp32\libnosys.a(read.o)

.stab           0x0000000000000000       0x84
 .stab          0x0000000000000000       0x24 c:/mounriver/mounriver_studio/toolchain/risc-v embedded gcc/bin/../lib/gcc/riscv-none-embed/8.2.0/../../../../riscv-none-embed/lib/rv32imacxw/ilp32\libnosys.a(close.o)
 .stab          0x0000000000000024       0x18 c:/mounriver/mounriver_studio/toolchain/risc-v embedded gcc/bin/../lib/gcc/riscv-none-embed/8.2.0/../../../../riscv-none-embed/lib/rv32imacxw/ilp32\libnosys.a(fstat.o)
                                         0x24 (size before relaxing)
 .stab          0x000000000000003c       0x18 c:/mounriver/mounriver_studio/toolchain/risc-v embedded gcc/bin/../lib/gcc/riscv-none-embed/8.2.0/../../../../riscv-none-embed/lib/rv32imacxw/ilp32\libnosys.a(isatty.o)
                                         0x24 (size before relaxing)
 .stab          0x0000000000000054       0x18 c:/mounriver/mounriver_studio/toolchain/risc-v embedded gcc/bin/../lib/gcc/riscv-none-embed/8.2.0/../../../../riscv-none-embed/lib/rv32imacxw/ilp32\libnosys.a(lseek.o)
                                         0x24 (size before relaxing)
 .stab          0x000000000000006c       0x18 c:/mounriver/mounriver_studio/toolchain/risc-v embedded gcc/bin/../lib/gcc/riscv-none-embed/8.2.0/../../../../riscv-none-embed/lib/rv32imacxw/ilp32\libnosys.a(read.o)
                                         0x24 (size before relaxing)

.stabstr        0x0000000000000000      0x117
 .stabstr       0x0000000000000000      0x117 c:/mounriver/mounriver_studio/toolchain/risc-v embedded gcc/bin/../lib/gcc/riscv-none-embed/8.2.0/../../../../riscv-none-embed/lib/rv32imacxw/ilp32\libnosys.a(close.o)
